Archive member included to satisfy reference by file (symbol)

c:/st/stm32cubeide_1.8.0/stm32cubeide/plugins/com.st.stm32cube.ide.mcu.externaltools.gnu-tools-for-stm32.9-2020-q2-update.win32_2.0.0.202105311346/tools/bin/../lib/gcc/arm-none-eabi/9.3.1/../../../../arm-none-eabi/lib/thumb/v7-m/nofp\libc_nano.a(lib_a-errno.o)
                              ./Core/Src/syscalls.o (__errno)
c:/st/stm32cubeide_1.8.0/stm32cubeide/plugins/com.st.stm32cube.ide.mcu.externaltools.gnu-tools-for-stm32.9-2020-q2-update.win32_2.0.0.202105311346/tools/bin/../lib/gcc/arm-none-eabi/9.3.1/../../../../arm-none-eabi/lib/thumb/v7-m/nofp\libc_nano.a(lib_a-exit.o)
                              c:/st/stm32cubeide_1.8.0/stm32cubeide/plugins/com.st.stm32cube.ide.mcu.externaltools.gnu-tools-for-stm32.9-2020-q2-update.win32_2.0.0.202105311346/tools/bin/../lib/gcc/arm-none-eabi/9.3.1/../../../../arm-none-eabi/lib/thumb/v7-m/nofp/crt0.o (exit)
c:/st/stm32cubeide_1.8.0/stm32cubeide/plugins/com.st.stm32cube.ide.mcu.externaltools.gnu-tools-for-stm32.9-2020-q2-update.win32_2.0.0.202105311346/tools/bin/../lib/gcc/arm-none-eabi/9.3.1/../../../../arm-none-eabi/lib/thumb/v7-m/nofp\libc_nano.a(lib_a-impure.o)
                              c:/st/stm32cubeide_1.8.0/stm32cubeide/plugins/com.st.stm32cube.ide.mcu.externaltools.gnu-tools-for-stm32.9-2020-q2-update.win32_2.0.0.202105311346/tools/bin/../lib/gcc/arm-none-eabi/9.3.1/../../../../arm-none-eabi/lib/thumb/v7-m/nofp\libc_nano.a(lib_a-exit.o) (_global_impure_ptr)
c:/st/stm32cubeide_1.8.0/stm32cubeide/plugins/com.st.stm32cube.ide.mcu.externaltools.gnu-tools-for-stm32.9-2020-q2-update.win32_2.0.0.202105311346/tools/bin/../lib/gcc/arm-none-eabi/9.3.1/../../../../arm-none-eabi/lib/thumb/v7-m/nofp\libc_nano.a(lib_a-init.o)
                              c:/st/stm32cubeide_1.8.0/stm32cubeide/plugins/com.st.stm32cube.ide.mcu.externaltools.gnu-tools-for-stm32.9-2020-q2-update.win32_2.0.0.202105311346/tools/bin/../lib/gcc/arm-none-eabi/9.3.1/../../../../arm-none-eabi/lib/thumb/v7-m/nofp/crt0.o (__libc_init_array)
c:/st/stm32cubeide_1.8.0/stm32cubeide/plugins/com.st.stm32cube.ide.mcu.externaltools.gnu-tools-for-stm32.9-2020-q2-update.win32_2.0.0.202105311346/tools/bin/../lib/gcc/arm-none-eabi/9.3.1/../../../../arm-none-eabi/lib/thumb/v7-m/nofp\libc_nano.a(lib_a-memset.o)
                              c:/st/stm32cubeide_1.8.0/stm32cubeide/plugins/com.st.stm32cube.ide.mcu.externaltools.gnu-tools-for-stm32.9-2020-q2-update.win32_2.0.0.202105311346/tools/bin/../lib/gcc/arm-none-eabi/9.3.1/../../../../arm-none-eabi/lib/thumb/v7-m/nofp/crt0.o (memset)

Discarded input sections

 .text          0x0000000000000000        0x0 c:/st/stm32cubeide_1.8.0/stm32cubeide/plugins/com.st.stm32cube.ide.mcu.externaltools.gnu-tools-for-stm32.9-2020-q2-update.win32_2.0.0.202105311346/tools/bin/../lib/gcc/arm-none-eabi/9.3.1/thumb/v7-m/nofp/crti.o
 .data          0x0000000000000000        0x0 c:/st/stm32cubeide_1.8.0/stm32cubeide/plugins/com.st.stm32cube.ide.mcu.externaltools.gnu-tools-for-stm32.9-2020-q2-update.win32_2.0.0.202105311346/tools/bin/../lib/gcc/arm-none-eabi/9.3.1/thumb/v7-m/nofp/crti.o
 .bss           0x0000000000000000        0x0 c:/st/stm32cubeide_1.8.0/stm32cubeide/plugins/com.st.stm32cube.ide.mcu.externaltools.gnu-tools-for-stm32.9-2020-q2-update.win32_2.0.0.202105311346/tools/bin/../lib/gcc/arm-none-eabi/9.3.1/thumb/v7-m/nofp/crti.o
 .data          0x0000000000000000        0x4 c:/st/stm32cubeide_1.8.0/stm32cubeide/plugins/com.st.stm32cube.ide.mcu.externaltools.gnu-tools-for-stm32.9-2020-q2-update.win32_2.0.0.202105311346/tools/bin/../lib/gcc/arm-none-eabi/9.3.1/thumb/v7-m/nofp/crtbegin.o
 .text          0x0000000000000000       0x7c c:/st/stm32cubeide_1.8.0/stm32cubeide/plugins/com.st.stm32cube.ide.mcu.externaltools.gnu-tools-for-stm32.9-2020-q2-update.win32_2.0.0.202105311346/tools/bin/../lib/gcc/arm-none-eabi/9.3.1/../../../../arm-none-eabi/lib/thumb/v7-m/nofp/crt0.o
 .data          0x0000000000000000        0x0 c:/st/stm32cubeide_1.8.0/stm32cubeide/plugins/com.st.stm32cube.ide.mcu.externaltools.gnu-tools-for-stm32.9-2020-q2-update.win32_2.0.0.202105311346/tools/bin/../lib/gcc/arm-none-eabi/9.3.1/../../../../arm-none-eabi/lib/thumb/v7-m/nofp/crt0.o
 .bss           0x0000000000000000        0x0 c:/st/stm32cubeide_1.8.0/stm32cubeide/plugins/com.st.stm32cube.ide.mcu.externaltools.gnu-tools-for-stm32.9-2020-q2-update.win32_2.0.0.202105311346/tools/bin/../lib/gcc/arm-none-eabi/9.3.1/../../../../arm-none-eabi/lib/thumb/v7-m/nofp/crt0.o
 .ARM.extab     0x0000000000000000        0x0 c:/st/stm32cubeide_1.8.0/stm32cubeide/plugins/com.st.stm32cube.ide.mcu.externaltools.gnu-tools-for-stm32.9-2020-q2-update.win32_2.0.0.202105311346/tools/bin/../lib/gcc/arm-none-eabi/9.3.1/../../../../arm-none-eabi/lib/thumb/v7-m/nofp/crt0.o
[...]
Memory Configuration

Name             Origin             Length             Attributes
RAM              0x0000000020000000 0x0000000000002000 xrw
FLASH            0x0000000008000000 0x0000000000010000 xr
*default*        0x0000000000000000 0xffffffffffffffff

Linker script and memory map

LOAD c:/st/stm32cubeide_1.8.0/stm32cubeide/plugins/com.st.stm32cube.ide.mcu.externaltools.gnu-tools-for-stm32.9-2020-q2-update.win32_2.0.0.202105311346/tools/bin/../lib/gcc/arm-none-eabi/9.3.1/thumb/v7-m/nofp/crti.o
LOAD c:/st/stm32cubeide_1.8.0/stm32cubeide/plugins/com.st.stm32cube.ide.mcu.externaltools.gnu-tools-for-stm32.9-2020-q2-update.win32_2.0.0.202105311346/tools/bin/../lib/gcc/arm-none-eabi/9.3.1/thumb/v7-m/nofp/crtbegin.o
LOAD c:/st/stm32cubeide_1.8.0/stm32cubeide/plugins/com.st.stm32cube.ide.mcu.externaltools.gnu-tools-for-stm32.9-2020-q2-update.win32_2.0.0.202105311346/tools/bin/../lib/gcc/arm-none-eabi/9.3.1/../../../../arm-none-eabi/lib/thumb/v7-m/nofp/crt0.o
LOAD ./Core/Src/main.o
LOAD ./Core/Src/stm32f1xx_it.o
LOAD ./Core/Src/syscalls.o
LOAD ./Core/Src/sysmem.o
LOAD ./Core/Src/system_stm32f1xx.o
LOAD ./Core/Startup/startup_stm32f100c8tx.o
LOAD ./Drivers/STM32F1xx_HAL_Driver/Src/stm32f1xx_ll_dma.o
LOAD ./Drivers/STM32F1xx_HAL_Driver/Src/stm32f1xx_ll_exti.o
LOAD ./Drivers/STM32F1xx_HAL_Driver/Src/stm32f1xx_ll_gpio.o
LOAD ./Drivers/STM32F1xx_HAL_Driver/Src/stm32f1xx_ll_pwr.o
LOAD ./Drivers/STM32F1xx_HAL_Driver/Src/stm32f1xx_ll_rcc.o
LOAD ./Drivers/STM32F1xx_HAL_Driver/Src/stm32f1xx_ll_usart.o
LOAD ./Drivers/STM32F1xx_HAL_Driver/Src/stm32f1xx_ll_utils.o
START GROUP
LOAD c:/st/stm32cubeide_1.8.0/stm32cubeide/plugins/com.st.stm32cube.ide.mcu.externaltools.gnu-tools-for-stm32.9-2020-q2-update.win32_2.0.0.202105311346/tools/bin/../lib/gcc/arm-none-eabi/9.3.1/../../../../arm-none-eabi/lib/thumb/v7-m/nofp\libc_nano.a
LOAD c:/st/stm32cubeide_1.8.0/stm32cubeide/plugins/com.st.stm32cube.ide.mcu.externaltools.gnu-tools-for-stm32.9-2020-q2-update.win32_2.0.0.202105311346/tools/bin/../lib/gcc/arm-none-eabi/9.3.1/../../../../arm-none-eabi/lib/thumb/v7-m/nofp\libm.a
END GROUP
START GROUP
LOAD c:/st/stm32cubeide_1.8.0/stm32cubeide/plugins/com.st.stm32cube.ide.mcu.externaltools.gnu-tools-for-stm32.9-2020-q2-update.win32_2.0.0.202105311346/tools/bin/../lib/gcc/arm-none-eabi/9.3.1/thumb/v7-m/nofp\libgcc.a
LOAD c:/st/stm32cubeide_1.8.0/stm32cubeide/plugins/com.st.stm32cube.ide.mcu.externaltools.gnu-tools-for-stm32.9-2020-q2-update.win32_2.0.0.202105311346/tools/bin/../lib/gcc/arm-none-eabi/9.3.1/../../../../arm-none-eabi/lib/thumb/v7-m/nofp\libc_nano.a
END GROUP
START GROUP
LOAD c:/st/stm32cubeide_1.8.0/stm32cubeide/plugins/com.st.stm32cube.ide.mcu.externaltools.gnu-tools-for-stm32.9-2020-q2-update.win32_2.0.0.202105311346/tools/bin/../lib/gcc/arm-none-eabi/9.3.1/thumb/v7-m/nofp\libgcc.a
LOAD c:/st/stm32cubeide_1.8.0/stm32cubeide/plugins/com.st.stm32cube.ide.mcu.externaltools.gnu-tools-for-stm32.9-2020-q2-update.win32_2.0.0.202105311346/tools/bin/../lib/gcc/arm-none-eabi/9.3.1/../../../../arm-none-eabi/lib/thumb/v7-m/nofp\libc_nano.a
LOAD c:/st/stm32cubeide_1.8.0/stm32cubeide/plugins/com.st.stm32cube.ide.mcu.externaltools.gnu-tools-for-stm32.9-2020-q2-update.win32_2.0.0.202105311346/tools/bin/../lib/gcc/arm-none-eabi/9.3.1/../../../../arm-none-eabi/lib/thumb/v7-m/nofp\libnosys.a
END GROUP
START GROUP
LOAD c:/st/stm32cubeide_1.8.0/stm32cubeide/plugins/com.st.stm32cube.ide.mcu.externaltools.gnu-tools-for-stm32.9-2020-q2-update.win32_2.0.0.202105311346/tools/bin/../lib/gcc/arm-none-eabi/9.3.1/thumb/v7-m/nofp\libgcc.a
LOAD c:/st/stm32cubeide_1.8.0/stm32cubeide/plugins/com.st.stm32cube.ide.mcu.externaltools.gnu-tools-for-stm32.9-2020-q2-update.win32_2.0.0.202105311346/tools/bin/../lib/gcc/arm-none-eabi/9.3.1/../../../../arm-none-eabi/lib/thumb/v7-m/nofp\libc_nano.a
LOAD c:/st/stm32cubeide_1.8.0/stm32cubeide/plugins/com.st.stm32cube.ide.mcu.externaltools.gnu-tools-for-stm32.9-2020-q2-update.win32_2.0.0.202105311346/tools/bin/../lib/gcc/arm-none-eabi/9.3.1/../../../../arm-none-eabi/lib/thumb/v7-m/nofp\libnosys.a
END GROUP
LOAD c:/st/stm32cubeide_1.8.0/stm32cubeide/plugins/com.st.stm32cube.ide.mcu.externaltools.gnu-tools-for-stm32.9-2020-q2-update.win32_2.0.0.202105311346/tools/bin/../lib/gcc/arm-none-eabi/9.3.1/thumb/v7-m/nofp/crtend.o
LOAD c:/st/stm32cubeide_1.8.0/stm32cubeide/plugins/com.st.stm32cube.ide.mcu.externaltools.gnu-tools-for-stm32.9-2020-q2-update.win32_2.0.0.202105311346/tools/bin/../lib/gcc/arm-none-eabi/9.3.1/thumb/v7-m/nofp/crtn.o
                0x0000000020002000                _estack = (ORIGIN (RAM) + LENGTH (RAM))
                0x0000000000000200                _Min_Heap_Size = 0x200
                0x0000000000000400                _Min_Stack_Size = 0x400

.isr_vector     0x0000000008000000      0x1d0
                0x0000000008000000                . = ALIGN (0x4)
 *(.isr_vector)
 .isr_vector    0x0000000008000000      0x1d0 ./Core/Startup/startup_stm32f100c8tx.o
                0x0000000008000000                g_pfnVectors
                0x00000000080001d0                . = ALIGN (0x4)

.text           0x00000000080001d0      0xfd4
                0x00000000080001d0                . = ALIGN (0x4)
 *(.text)
 .text          0x00000000080001d0       0x40 c:/st/stm32cubeide_1.8.0/stm32cubeide/plugins/com.st.stm32cube.ide.mcu.externaltools.gnu-tools-for-stm32.9-2020-q2-update.win32_2.0.0.202105311346/tools/bin/../lib/gcc/arm-none-eabi/9.3.1/thumb/v7-m/nofp/crtbegin.o
 *(.text*)
 .text.__NVIC_SetPriorityGrouping
                0x0000000008000210       0x48 ./Core/Src/main.o
 .text.__NVIC_GetPriorityGrouping
                0x0000000008000258       0x1c ./Core/Src/main.o
 .text.__NVIC_EnableIRQ
                0x0000000008000274       0x38 ./Core/Src/main.o
 .text.__NVIC_SetPriority
                0x00000000080002ac       0x54 ./Core/Src/main.o
 .text.NVIC_EncodePriority
                0x0000000008000300       0x64 ./Core/Src/main.o
 .text.LL_RCC_HSE_Enable
                0x0000000008000364       0x1c ./Core/Src/main.o
 .text.LL_RCC_HSE_IsReady
                0x0000000008000380       0x24 ./Core/Src/main.o
 .text.LL_RCC_SetSysClkSource
                0x00000000080003a4       0x28 ./Core/Src/main.o
 .text.LL_RCC_GetSysClkSource
                0x00000000080003cc       0x18 ./Core/Src/main.o
 .text.LL_RCC_SetAHBPrescaler
                0x00000000080003e4       0x28 ./Core/Src/main.o
 .text.LL_RCC_SetAPB1Prescaler
                0x000000000800040c       0x28 ./Core/Src/main.o
 .text.LL_RCC_SetAPB2Prescaler
                0x0000000008000434       0x28 ./Core/Src/main.o
 .text.LL_APB1_GRP1_EnableClock
                0x000000000800045c       0x30 ./Core/Src/main.o
 .text.LL_APB2_GRP1_EnableClock
                0x000000000800048c       0x30 ./Core/Src/main.o
 .text.LL_USART_Enable
                0x00000000080004bc       0x1e ./Core/Src/main.o
 .text.LL_USART_ConfigAsyncMode
                0x00000000080004da       0x2a ./Core/Src/main.o
 .text.LL_USART_EnableIT_RXNE
                0x0000000008000504       0x1e ./Core/Src/main.o
 .text.LL_GPIO_ResetOutputPin
                0x0000000008000522       0x1e ./Core/Src/main.o
 .text.LL_GPIO_AF_Remap_SWJ_NOJTAG
                0x0000000008000540       0x28 ./Core/Src/main.o
 .text.main     0x0000000008000568       0x54 ./Core/Src/main.o
                0x0000000008000568                main
 .text.SystemClock_Config
                0x00000000080005bc       0x4c ./Core/Src/main.o
                0x00000000080005bc                SystemClock_Config
 .text.MX_USART2_UART_Init
                0x0000000008000608       0xb4 ./Core/Src/main.o
 .text.MX_USART3_UART_Init
                0x00000000080006bc       0xd8 ./Core/Src/main.o
 .text.MX_GPIO_Init
                0x0000000008000794       0x58 ./Core/Src/main.o
 .text.LL_USART_IsActiveFlag_PE
                0x00000000080007ec       0x24 ./Core/Src/stm32f1xx_it.o
 .text.LL_USART_IsActiveFlag_FE
                0x0000000008000810       0x24 ./Core/Src/stm32f1xx_it.o
 .text.LL_USART_IsActiveFlag_ORE
                0x0000000008000834       0x24 ./Core/Src/stm32f1xx_it.o
 .text.LL_USART_IsActiveFlag_RXNE
                0x0000000008000858       0x24 ./Core/Src/stm32f1xx_it.o
 .text.LL_USART_ReceiveData9
                0x000000000800087c       0x1e ./Core/Src/stm32f1xx_it.o
 .text.LL_USART_TransmitData9
                0x000000000800089a       0x20 ./Core/Src/stm32f1xx_it.o
 .text.NMI_Handler
                0x00000000080008ba        0x6 ./Core/Src/stm32f1xx_it.o
                0x00000000080008ba                NMI_Handler
 .text.HardFault_Handler
                0x00000000080008c0        0x6 ./Core/Src/stm32f1xx_it.o
                0x00000000080008c0                HardFault_Handler
 .text.MemManage_Handler
                0x00000000080008c6        0x6 ./Core/Src/stm32f1xx_it.o
                0x00000000080008c6                MemManage_Handler
 .text.BusFault_Handler
                0x00000000080008cc        0x6 ./Core/Src/stm32f1xx_it.o
                0x00000000080008cc                BusFault_Handler
 .text.UsageFault_Handler
                0x00000000080008d2        0x6 ./Core/Src/stm32f1xx_it.o
                0x00000000080008d2                UsageFault_Handler
 .text.SVC_Handler
                0x00000000080008d8        0xc ./Core/Src/stm32f1xx_it.o
                0x00000000080008d8                SVC_Handler
 .text.DebugMon_Handler
                0x00000000080008e4        0xc ./Core/Src/stm32f1xx_it.o
                0x00000000080008e4                DebugMon_Handler
 .text.PendSV_Handler
                0x00000000080008f0        0xc ./Core/Src/stm32f1xx_it.o
                0x00000000080008f0                PendSV_Handler
 .text.SysTick_Handler
                0x00000000080008fc        0xc ./Core/Src/stm32f1xx_it.o
                0x00000000080008fc                SysTick_Handler
 .text.USART3_IRQHandler
                0x0000000008000908       0x74 ./Core/Src/stm32f1xx_it.o
                0x0000000008000908                USART3_IRQHandler
 .text.SystemInit
                0x000000000800097c        0xc ./Core/Src/system_stm32f1xx.o
                0x000000000800097c                SystemInit
 .text.Reset_Handler
                0x0000000008000988       0x48 ./Core/Startup/startup_stm32f100c8tx.o
                0x0000000008000988                Reset_Handler
 .text.Default_Handler
                0x00000000080009d0        0x2 ./Core/Startup/startup_stm32f100c8tx.o
                0x00000000080009d0                RTC_Alarm_IRQHandler
                0x00000000080009d0                EXTI2_IRQHandler
                0x00000000080009d0                TIM1_CC_IRQHandler
                0x00000000080009d0                PVD_IRQHandler
                0x00000000080009d0                EXTI3_IRQHandler
                0x00000000080009d0                EXTI0_IRQHandler
                0x00000000080009d0                TIM1_UP_TIM16_IRQHandler
                0x00000000080009d0                SPI1_IRQHandler
                0x00000000080009d0                TAMPER_IRQHandler
                0x00000000080009d0                TIM6_DAC_IRQHandler
                0x00000000080009d0                DMA1_Channel4_IRQHandler
                0x00000000080009d0                ADC1_IRQHandler
                0x00000000080009d0                RTC_IRQHandler
                0x00000000080009d0                DMA1_Channel7_IRQHandler
                0x00000000080009d0                TIM4_IRQHandler
                0x00000000080009d0                I2C1_EV_IRQHandler
                0x00000000080009d0                DMA1_Channel6_IRQHandler
                0x00000000080009d0                TIM3_IRQHandler
                0x00000000080009d0                RCC_IRQHandler
                0x00000000080009d0                DMA1_Channel1_IRQHandler
                0x00000000080009d0                Default_Handler
                0x00000000080009d0                CEC_IRQHandler
                0x00000000080009d0                EXTI15_10_IRQHandler
                0x00000000080009d0                TIM7_IRQHandler
                0x00000000080009d0                EXTI9_5_IRQHandler
                0x00000000080009d0                DMA1_Channel5_IRQHandler
                0x00000000080009d0                EXTI4_IRQHandler
                0x00000000080009d0                TIM1_TRG_COM_TIM17_IRQHandler
                0x00000000080009d0                DMA1_Channel3_IRQHandler
                0x00000000080009d0                WWDG_IRQHandler
                0x00000000080009d0                TIM2_IRQHandler
                0x00000000080009d0                EXTI1_IRQHandler
                0x00000000080009d0                USART2_IRQHandler
                0x00000000080009d0                DMA1_Channel2_IRQHandler
                0x00000000080009d0                FLASH_IRQHandler
                0x00000000080009d0                USART1_IRQHandler
                0x00000000080009d0                I2C1_ER_IRQHandler
                0x00000000080009d0                TIM1_BRK_TIM15_IRQHandler
 .text.LL_GPIO_SetPinMode
                0x00000000080009d2       0x64 ./Drivers/STM32F1xx_HAL_Driver/Src/stm32f1xx_ll_gpio.o
 .text.LL_GPIO_SetPinSpeed
                0x0000000008000a36       0x64 ./Drivers/STM32F1xx_HAL_Driver/Src/stm32f1xx_ll_gpio.o
 .text.LL_GPIO_SetPinOutputType
                0x0000000008000a9a       0x64 ./Drivers/STM32F1xx_HAL_Driver/Src/stm32f1xx_ll_gpio.o
 .text.LL_GPIO_SetPinPull
                0x0000000008000afe       0x44 ./Drivers/STM32F1xx_HAL_Driver/Src/stm32f1xx_ll_gpio.o
 .text.LL_GPIO_Init
                0x0000000008000b42       0xcc ./Drivers/STM32F1xx_HAL_Driver/Src/stm32f1xx_ll_gpio.o
                0x0000000008000b42                LL_GPIO_Init
 *fill*         0x0000000008000c0e        0x2 
 .text.LL_RCC_GetSysClkSource
                0x0000000008000c10       0x18 ./Drivers/STM32F1xx_HAL_Driver/Src/stm32f1xx_ll_rcc.o
 .text.LL_RCC_GetAHBPrescaler
                0x0000000008000c28       0x18 ./Drivers/STM32F1xx_HAL_Driver/Src/stm32f1xx_ll_rcc.o
 .text.LL_RCC_GetAPB1Prescaler
                0x0000000008000c40       0x18 ./Drivers/STM32F1xx_HAL_Driver/Src/stm32f1xx_ll_rcc.o
 .text.LL_RCC_GetAPB2Prescaler
                0x0000000008000c58       0x18 ./Drivers/STM32F1xx_HAL_Driver/Src/stm32f1xx_ll_rcc.o
 .text.LL_RCC_PLL_GetMainSource
                0x0000000008000c70       0x18 ./Drivers/STM32F1xx_HAL_Driver/Src/stm32f1xx_ll_rcc.o
 .text.LL_RCC_PLL_GetMultiplicator
                0x0000000008000c88       0x18 ./Drivers/STM32F1xx_HAL_Driver/Src/stm32f1xx_ll_rcc.o
 .text.LL_RCC_PLL_GetPrediv
                0x0000000008000ca0       0x18 ./Drivers/STM32F1xx_HAL_Driver/Src/stm32f1xx_ll_rcc.o
 .text.LL_RCC_GetSystemClocksFreq
                0x0000000008000cb8       0x4a ./Drivers/STM32F1xx_HAL_Driver/Src/stm32f1xx_ll_rcc.o
                0x0000000008000cb8                LL_RCC_GetSystemClocksFreq
 *fill*         0x0000000008000d02        0x2 
 .text.RCC_GetSystemClockFreq
                0x0000000008000d04       0x50 ./Drivers/STM32F1xx_HAL_Driver/Src/stm32f1xx_ll_rcc.o
                0x0000000008000d04                RCC_GetSystemClockFreq
 .text.RCC_GetHCLKClockFreq
                0x0000000008000d54       0x2c ./Drivers/STM32F1xx_HAL_Driver/Src/stm32f1xx_ll_rcc.o
                0x0000000008000d54                RCC_GetHCLKClockFreq
 .text.RCC_GetPCLK1ClockFreq
                0x0000000008000d80       0x28 ./Drivers/STM32F1xx_HAL_Driver/Src/stm32f1xx_ll_rcc.o
                0x0000000008000d80                RCC_GetPCLK1ClockFreq
 .text.RCC_GetPCLK2ClockFreq
                0x0000000008000da8       0x28 ./Drivers/STM32F1xx_HAL_Driver/Src/stm32f1xx_ll_rcc.o
                0x0000000008000da8                RCC_GetPCLK2ClockFreq
 .text.RCC_PLL_GetFreqDomain_SYS
                0x0000000008000dd0       0x64 ./Drivers/STM32F1xx_HAL_Driver/Src/stm32f1xx_ll_rcc.o
                0x0000000008000dd0                RCC_PLL_GetFreqDomain_SYS
 .text.LL_USART_IsEnabled
                0x0000000008000e34       0x26 ./Drivers/STM32F1xx_HAL_Driver/Src/stm32f1xx_ll_usart.o
 .text.LL_USART_SetStopBitsLength
                0x0000000008000e5a       0x24 ./Drivers/STM32F1xx_HAL_Driver/Src/stm32f1xx_ll_usart.o
 .text.LL_USART_SetHWFlowCtrl
                0x0000000008000e7e       0x24 ./Drivers/STM32F1xx_HAL_Driver/Src/stm32f1xx_ll_usart.o
 *fill*         0x0000000008000ea2        0x2 
 .text.LL_USART_SetBaudRate
                0x0000000008000ea4      0x16c ./Drivers/STM32F1xx_HAL_Driver/Src/stm32f1xx_ll_usart.o
 .text.LL_USART_Init
                0x0000000008001010       0xc8 ./Drivers/STM32F1xx_HAL_Driver/Src/stm32f1xx_ll_usart.o
                0x0000000008001010                LL_USART_Init
 .text.LL_InitTick
                0x00000000080010d8       0x34 ./Drivers/STM32F1xx_HAL_Driver/Src/stm32f1xx_ll_utils.o
 .text.LL_Init1msTick
                0x000000000800110c       0x1a ./Drivers/STM32F1xx_HAL_Driver/Src/stm32f1xx_ll_utils.o
                0x000000000800110c                LL_Init1msTick
 *fill*         0x0000000008001126        0x2 
 .text.LL_SetSystemCoreClock
                0x0000000008001128       0x1c ./Drivers/STM32F1xx_HAL_Driver/Src/stm32f1xx_ll_utils.o
                0x0000000008001128                LL_SetSystemCoreClock
 .text.__libc_init_array
                0x0000000008001144       0x48 c:/st/stm32cubeide_1.8.0/stm32cubeide/plugins/com.st.stm32cube.ide.mcu.externaltools.gnu-tools-for-stm32.9-2020-q2-update.win32_2.0.0.202105311346/tools/bin/../lib/gcc/arm-none-eabi/9.3.1/../../../../arm-none-eabi/lib/thumb/v7-m/nofp\libc_nano.a(lib_a-init.o)
                0x0000000008001144                __libc_init_array
 *(.glue_7)
 .glue_7        0x000000000800118c        0x0 linker stubs
 *(.glue_7t)
 .glue_7t       0x000000000800118c        0x0 linker stubs
 *(.eh_frame)
 .eh_frame      0x000000000800118c        0x0 c:/st/stm32cubeide_1.8.0/stm32cubeide/plugins/com.st.stm32cube.ide.mcu.externaltools.gnu-tools-for-stm32.9-2020-q2-update.win32_2.0.0.202105311346/tools/bin/../lib/gcc/arm-none-eabi/9.3.1/thumb/v7-m/nofp/crtbegin.o
 *(.init)
 .init          0x000000000800118c        0x4 c:/st/stm32cubeide_1.8.0/stm32cubeide/plugins/com.st.stm32cube.ide.mcu.externaltools.gnu-tools-for-stm32.9-2020-q2-update.win32_2.0.0.202105311346/tools/bin/../lib/gcc/arm-none-eabi/9.3.1/thumb/v7-m/nofp/crti.o
                0x000000000800118c                _init
 .init          0x0000000008001190        0x8 c:/st/stm32cubeide_1.8.0/stm32cubeide/plugins/com.st.stm32cube.ide.mcu.externaltools.gnu-tools-for-stm32.9-2020-q2-update.win32_2.0.0.202105311346/tools/bin/../lib/gcc/arm-none-eabi/9.3.1/thumb/v7-m/nofp/crtn.o
 *(.fini)
 .fini          0x0000000008001198        0x4 c:/st/stm32cubeide_1.8.0/stm32cubeide/plugins/com.st.stm32cube.ide.mcu.externaltools.gnu-tools-for-stm32.9-2020-q2-update.win32_2.0.0.202105311346/tools/bin/../lib/gcc/arm-none-eabi/9.3.1/thumb/v7-m/nofp/crti.o
                0x0000000008001198                _fini
 .fini          0x000000000800119c        0x8 c:/st/stm32cubeide_1.8.0/stm32cubeide/plugins/com.st.stm32cube.ide.mcu.externaltools.gnu-tools-for-stm32.9-2020-q2-update.win32_2.0.0.202105311346/tools/bin/../lib/gcc/arm-none-eabi/9.3.1/thumb/v7-m/nofp/crtn.o
                0x00000000080011a4                . = ALIGN (0x4)
                0x00000000080011a4                _etext = .

.vfp11_veneer   0x00000000080011a4        0x0
 .vfp11_veneer  0x00000000080011a4        0x0 linker stubs

.v4_bx          0x00000000080011a4        0x0
 .v4_bx         0x00000000080011a4        0x0 linker stubs

.iplt           0x00000000080011a4        0x0
 .iplt          0x00000000080011a4        0x0 c:/st/stm32cubeide_1.8.0/stm32cubeide/plugins/com.st.stm32cube.ide.mcu.externaltools.gnu-tools-for-stm32.9-2020-q2-update.win32_2.0.0.202105311346/tools/bin/../lib/gcc/arm-none-eabi/9.3.1/thumb/v7-m/nofp/crtbegin.o

.rodata         0x00000000080011a4       0x18
                0x00000000080011a4                . = ALIGN (0x4)
 *(.rodata)
 *(.rodata*)
 .rodata.AHBPrescTable
                0x00000000080011a4       0x10 ./Core/Src/system_stm32f1xx.o
                0x00000000080011a4                AHBPrescTable
 .rodata.APBPrescTable
                0x00000000080011b4        0x8 ./Core/Src/system_stm32f1xx.o
                0x00000000080011b4                APBPrescTable
                0x00000000080011bc                . = ALIGN (0x4)

.rel.dyn        0x00000000080011bc        0x0
 .rel.iplt      0x00000000080011bc        0x0 c:/st/stm32cubeide_1.8.0/stm32cubeide/plugins/com.st.stm32cube.ide.mcu.externaltools.gnu-tools-for-stm32.9-2020-q2-update.win32_2.0.0.202105311346/tools/bin/../lib/gcc/arm-none-eabi/9.3.1/thumb/v7-m/nofp/crtbegin.o

.ARM.extab      0x00000000080011bc        0x0
                0x00000000080011bc                . = ALIGN (0x4)
 *(.ARM.extab* .gnu.linkonce.armextab.*)
                0x00000000080011bc                . = ALIGN (0x4)

.ARM            0x00000000080011bc        0x0
                0x00000000080011bc                . = ALIGN (0x4)
                0x00000000080011bc                __exidx_start = .
 *(.ARM.exidx*)
                0x00000000080011bc                __exidx_end = .
                0x00000000080011bc                . = ALIGN (0x4)

.preinit_array  0x00000000080011bc        0x0
                0x00000000080011bc                . = ALIGN (0x4)
                0x00000000080011bc                PROVIDE (__preinit_array_start = .)
 *(.preinit_array*)
                0x00000000080011bc                PROVIDE (__preinit_array_end = .)
                0x00000000080011bc                . = ALIGN (0x4)

.init_array     0x00000000080011bc        0x4
                0x00000000080011bc                . = ALIGN (0x4)
                0x00000000080011bc                PROVIDE (__init_array_start = .)
 *(SORT_BY_NAME(.init_array.*))
 *(.init_array*)
 .init_array    0x00000000080011bc        0x4 c:/st/stm32cubeide_1.8.0/stm32cubeide/plugins/com.st.stm32cube.ide.mcu.externaltools.gnu-tools-for-stm32.9-2020-q2-update.win32_2.0.0.202105311346/tools/bin/../lib/gcc/arm-none-eabi/9.3.1/thumb/v7-m/nofp/crtbegin.o
                0x00000000080011c0                PROVIDE (__init_array_end = .)
                0x00000000080011c0                . = ALIGN (0x4)

.fini_array     0x00000000080011c0        0x4
                0x00000000080011c0                . = ALIGN (0x4)
                [!provide]                        PROVIDE (__fini_array_start = .)
 *(SORT_BY_NAME(.fini_array.*))
 *(.fini_array*)
 .fini_array    0x00000000080011c0        0x4 c:/st/stm32cubeide_1.8.0/stm32cubeide/plugins/com.st.stm32cube.ide.mcu.externaltools.gnu-tools-for-stm32.9-2020-q2-update.win32_2.0.0.202105311346/tools/bin/../lib/gcc/arm-none-eabi/9.3.1/thumb/v7-m/nofp/crtbegin.o
                [!provide]                        PROVIDE (__fini_array_end = .)
                0x00000000080011c4                . = ALIGN (0x4)
                0x00000000080011c4                _sidata = LOADADDR (.data)

.data           0x0000000020000000        0x4 load address 0x00000000080011c4
                0x0000000020000000                . = ALIGN (0x4)
                0x0000000020000000                _sdata = .
 *(.data)
 *(.data*)
 .data.SystemCoreClock
                0x0000000020000000        0x4 ./Core/Src/system_stm32f1xx.o
                0x0000000020000000                SystemCoreClock
 *(.RamFunc)
 *(.RamFunc*)
                0x0000000020000004                . = ALIGN (0x4)
                0x0000000020000004                _edata = .

.igot.plt       0x0000000020000004        0x0 load address 0x00000000080011c8
 .igot.plt      0x0000000020000004        0x0 c:/st/stm32cubeide_1.8.0/stm32cubeide/plugins/com.st.stm32cube.ide.mcu.externaltools.gnu-tools-for-stm32.9-2020-q2-update.win32_2.0.0.202105311346/tools/bin/../lib/gcc/arm-none-eabi/9.3.1/thumb/v7-m/nofp/crtbegin.o
                0x0000000020000004                . = ALIGN (0x4)

.bss            0x0000000020000004       0x1c load address 0x00000000080011c8
                0x0000000020000004                _sbss = .
                0x0000000020000004                __bss_start__ = _sbss
 *(.bss)
 .bss           0x0000000020000004       0x1c c:/st/stm32cubeide_1.8.0/stm32cubeide/plugins/com.st.stm32cube.ide.mcu.externaltools.gnu-tools-for-stm32.9-2020-q2-update.win32_2.0.0.202105311346/tools/bin/../lib/gcc/arm-none-eabi/9.3.1/thumb/v7-m/nofp/crtbegin.o
 *(.bss*)
 *(COMMON)
                0x0000000020000020                . = ALIGN (0x4)
                0x0000000020000020                _ebss = .
                0x0000000020000020                __bss_end__ = _ebss

._user_heap_stack
                0x0000000020000020      0x600 load address 0x00000000080011c8
                0x0000000020000020                . = ALIGN (0x8)
                [!provide]                        PROVIDE (end = .)
                0x0000000020000020                PROVIDE (_end = .)
                0x0000000020000220                . = (. + _Min_Heap_Size)
 *fill*         0x0000000020000020      0x200 
                0x0000000020000620                . = (. + _Min_Stack_Size)
 *fill*         0x0000000020000220      0x400 
                0x0000000020000620                . = ALIGN (0x8)

/DISCARD/
 libc.a(*)
 libm.a(*)
 libgcc.a(*)

.ARM.attributes
                0x0000000000000000       0x29
 *(.ARM.attributes)
 .ARM.attributes
                0x0000000000000000       0x1d c:/st/stm32cubeide_1.8.0/stm32cubeide/plugins/com.st.stm32cube.ide.mcu.externaltools.gnu-tools-for-stm32.9-2020-q2-update.win32_2.0.0.202105311346/tools/bin/../lib/gcc/arm-none-eabi/9.3.1/thumb/v7-m/nofp/crti.o
 .ARM.attributes
                0x000000000000001d       0x2d c:/st/stm32cubeide_1.8.0/stm32cubeide/plugins/com.st.stm32cube.ide.mcu.externaltools.gnu-tools-for-stm32.9-2020-q2-update.win32_2.0.0.202105311346/tools/bin/../lib/gcc/arm-none-eabi/9.3.1/thumb/v7-m/nofp/crtbegin.o
 .ARM.attributes
                0x000000000000004a       0x2d ./Core/Src/main.o
 .ARM.attributes
                0x0000000000000077       0x2d ./Core/Src/stm32f1xx_it.o
 .ARM.attributes
                0x00000000000000a4       0x2d ./Core/Src/system_stm32f1xx.o
 .ARM.attributes
                0x00000000000000d1       0x21 ./Core/Startup/startup_stm32f100c8tx.o
 .ARM.attributes
                0x00000000000000f2       0x2d ./Drivers/STM32F1xx_HAL_Driver/Src/stm32f1xx_ll_gpio.o
 .ARM.attributes
                0x000000000000011f       0x2d ./Drivers/STM32F1xx_HAL_Driver/Src/stm32f1xx_ll_rcc.o
 .ARM.attributes
                0x000000000000014c       0x2d ./Drivers/STM32F1xx_HAL_Driver/Src/stm32f1xx_ll_usart.o
 .ARM.attributes
                0x0000000000000179       0x2d ./Drivers/STM32F1xx_HAL_Driver/Src/stm32f1xx_ll_utils.o
 .ARM.attributes
                0x00000000000001a6       0x2d c:/st/stm32cubeide_1.8.0/stm32cubeide/plugins/com.st.stm32cube.ide.mcu.externaltools.gnu-tools-for-stm32.9-2020-q2-update.win32_2.0.0.202105311346/tools/bin/../lib/gcc/arm-none-eabi/9.3.1/../../../../arm-none-eabi/lib/thumb/v7-m/nofp\libc_nano.a(lib_a-init.o)
 .ARM.attributes
                0x00000000000001d3       0x1d c:/st/stm32cubeide_1.8.0/stm32cubeide/plugins/com.st.stm32cube.ide.mcu.externaltools.gnu-tools-for-stm32.9-2020-q2-update.win32_2.0.0.202105311346/tools/bin/../lib/gcc/arm-none-eabi/9.3.1/thumb/v7-m/nofp/crtn.o
OUTPUT(stm32_io.elf elf32-littlearm)
LOAD linker stubs
LOAD c:/st/stm32cubeide_1.8.0/stm32cubeide/plugins/com.st.stm32cube.ide.mcu.externaltools.gnu-tools-for-stm32.9-2020-q2-update.win32_2.0.0.202105311346/tools/bin/../lib/gcc/arm-none-eabi/9.3.1/../../../../arm-none-eabi/lib/thumb/v7-m/nofp\libc.a
LOAD c:/st/stm32cubeide_1.8.0/stm32cubeide/plugins/com.st.stm32cube.ide.mcu.externaltools.gnu-tools-for-stm32.9-2020-q2-update.win32_2.0.0.202105311346/tools/bin/../lib/gcc/arm-none-eabi/9.3.1/../../../../arm-none-eabi/lib/thumb/v7-m/nofp\libm.a
LOAD c:/st/stm32cubeide_1.8.0/stm32cubeide/plugins/com.st.stm32cube.ide.mcu.externaltools.gnu-tools-for-stm32.9-2020-q2-update.win32_2.0.0.202105311346/tools/bin/../lib/gcc/arm-none-eabi/9.3.1/thumb/v7-m/nofp\libgcc.a

.debug_info     0x0000000000000000     0x2cdd
 .debug_info    0x0000000000000000      0xcb0 ./Core/Src/main.o
 .debug_info    0x0000000000000cb0      0x3b7 ./Core/Src/stm32f1xx_it.o
 .debug_info    0x0000000000001067      0x270 ./Core/Src/system_stm32f1xx.o
 .debug_info    0x00000000000012d7       0x22 ./Core/Startup/startup_stm32f100c8tx.o
 .debug_info    0x00000000000012f9      0x691 ./Drivers/STM32F1xx_HAL_Driver/Src/stm32f1xx_ll_gpio.o
 .debug_info    0x000000000000198a      0x588 ./Drivers/STM32F1xx_HAL_Driver/Src/stm32f1xx_ll_rcc.o
 .debug_info    0x0000000000001f12      0x6a2 ./Drivers/STM32F1xx_HAL_Driver/Src/stm32f1xx_ll_usart.o
 .debug_info    0x00000000000025b4      0x729 ./Drivers/STM32F1xx_HAL_Driver/Src/stm32f1xx_ll_utils.o

.debug_abbrev   0x0000000000000000      0xe03
 .debug_abbrev  0x0000000000000000      0x29e ./Core/Src/main.o
 .debug_abbrev  0x000000000000029e      0x173 ./Core/Src/stm32f1xx_it.o
 .debug_abbrev  0x0000000000000411      0x129 ./Core/Src/system_stm32f1xx.o
 .debug_abbrev  0x000000000000053a       0x12 ./Core/Startup/startup_stm32f100c8tx.o
 .debug_abbrev  0x000000000000054c      0x239 ./Drivers/STM32F1xx_HAL_Driver/Src/stm32f1xx_ll_gpio.o
 .debug_abbrev  0x0000000000000785      0x24c ./Drivers/STM32F1xx_HAL_Driver/Src/stm32f1xx_ll_rcc.o
 .debug_abbrev  0x00000000000009d1      0x1d7 ./Drivers/STM32F1xx_HAL_Driver/Src/stm32f1xx_ll_usart.o
 .debug_abbrev  0x0000000000000ba8      0x25b ./Drivers/STM32F1xx_HAL_Driver/Src/stm32f1xx_ll_utils.o

.debug_aranges  0x0000000000000000      0x450
 .debug_aranges
                0x0000000000000000       0xe0 ./Core/Src/main.o
 .debug_aranges
                0x00000000000000e0       0x98 ./Core/Src/stm32f1xx_it.o
 .debug_aranges
                0x0000000000000178       0x28 ./Core/Src/system_stm32f1xx.o
 .debug_aranges
                0x00000000000001a0       0x28 ./Core/Startup/startup_stm32f100c8tx.o
 .debug_aranges
                0x00000000000001c8       0x60 ./Drivers/STM32F1xx_HAL_Driver/Src/stm32f1xx_ll_gpio.o
 .debug_aranges
                0x0000000000000228       0xc8 ./Drivers/STM32F1xx_HAL_Driver/Src/stm32f1xx_ll_rcc.o
 .debug_aranges
                0x00000000000002f0       0x88 ./Drivers/STM32F1xx_HAL_Driver/Src/stm32f1xx_ll_usart.o
 .debug_aranges
                0x0000000000000378       0xd8 ./Drivers/STM32F1xx_HAL_Driver/Src/stm32f1xx_ll_utils.o

.debug_ranges   0x0000000000000000      0x3d8
 .debug_ranges  0x0000000000000000       0xd0 ./Core/Src/main.o
 .debug_ranges  0x00000000000000d0       0x88 ./Core/Src/stm32f1xx_it.o
 .debug_ranges  0x0000000000000158       0x18 ./Core/Src/system_stm32f1xx.o
 .debug_ranges  0x0000000000000170       0x20 ./Core/Startup/startup_stm32f100c8tx.o
 .debug_ranges  0x0000000000000190       0x50 ./Drivers/STM32F1xx_HAL_Driver/Src/stm32f1xx_ll_gpio.o
 .debug_ranges  0x00000000000001e0       0xb8 ./Drivers/STM32F1xx_HAL_Driver/Src/stm32f1xx_ll_rcc.o
 .debug_ranges  0x0000000000000298       0x78 ./Drivers/STM32F1xx_HAL_Driver/Src/stm32f1xx_ll_usart.o
 .debug_ranges  0x0000000000000310       0xc8 ./Drivers/STM32F1xx_HAL_Driver/Src/stm32f1xx_ll_utils.o

.debug_macro    0x0000000000000000     0xaf41
 .debug_macro   0x0000000000000000      0x12a ./Core/Src/main.o
 .debug_macro   0x000000000000012a      0xac6 ./Core/Src/main.o
 .debug_macro   0x0000000000000bf0       0x2e ./Core/Src/main.o
 .debug_macro   0x0000000000000c1e       0x22 ./Core/Src/main.o
 .debug_macro   0x0000000000000c40       0x22 ./Core/Src/main.o
 .debug_macro   0x0000000000000c62       0x8e ./Core/Src/main.o
 .debug_macro   0x0000000000000cf0       0x51 ./Core/Src/main.o
 .debug_macro   0x0000000000000d41      0x103 ./Core/Src/main.o
 .debug_macro   0x0000000000000e44       0x6a ./Core/Src/main.o
 .debug_macro   0x0000000000000eae      0x1df ./Core/Src/main.o
 .debug_macro   0x000000000000108d       0x1c ./Core/Src/main.o
 .debug_macro   0x00000000000010a9       0x22 ./Core/Src/main.o
 .debug_macro   0x00000000000010cb       0xc3 ./Core/Src/main.o
 .debug_macro   0x000000000000118e      0xd23 ./Core/Src/main.o
 .debug_macro   0x0000000000001eb1     0x75c9 ./Core/Src/main.o
 .debug_macro   0x000000000000947a       0x6d ./Core/Src/main.o
 .debug_macro   0x00000000000094e7      0x367 ./Core/Src/main.o
 .debug_macro   0x000000000000984e       0xf2 ./Core/Src/main.o
 .debug_macro   0x0000000000009940       0x6e ./Core/Src/main.o
 .debug_macro   0x00000000000099ae       0xca ./Core/Src/main.o
 .debug_macro   0x0000000000009a78       0x28 ./Core/Src/main.o
 .debug_macro   0x0000000000009aa0       0x2a ./Core/Src/main.o
 .debug_macro   0x0000000000009aca       0x90 ./Core/Src/main.o
 .debug_macro   0x0000000000009b5a      0x287 ./Core/Src/main.o
 .debug_macro   0x0000000000009de1      0x1bb ./Core/Src/main.o
 .debug_macro   0x0000000000009f9c      0x22a ./Core/Src/main.o
 .debug_macro   0x000000000000a1c6       0x22 ./Core/Src/main.o
 .debug_macro   0x000000000000a1e8      0x134 ./Core/Src/stm32f1xx_it.o
 .debug_macro   0x000000000000a31c       0xbb ./Core/Src/system_stm32f1xx.o
 .debug_macro   0x000000000000a3d7       0xf7 ./Drivers/STM32F1xx_HAL_Driver/Src/stm32f1xx_ll_gpio.o
 .debug_macro   0x000000000000a4ce      0x224 ./Drivers/STM32F1xx_HAL_Driver/Src/stm32f1xx_ll_gpio.o
 .debug_macro   0x000000000000a6f2       0xd6 ./Drivers/STM32F1xx_HAL_Driver/Src/stm32f1xx_ll_rcc.o
 .debug_macro   0x000000000000a7c8      0x12a ./Drivers/STM32F1xx_HAL_Driver/Src/stm32f1xx_ll_usart.o
 .debug_macro   0x000000000000a8f2      0x1b5 ./Drivers/STM32F1xx_HAL_Driver/Src/stm32f1xx_ll_usart.o
 .debug_macro   0x000000000000aaa7      0x36d ./Drivers/STM32F1xx_HAL_Driver/Src/stm32f1xx_ll_usart.o
 .debug_macro   0x000000000000ae14      0x12d ./Drivers/STM32F1xx_HAL_Driver/Src/stm32f1xx_ll_utils.o

.debug_line     0x0000000000000000     0x3358
 .debug_line    0x0000000000000000      0x953 ./Core/Src/main.o
 .debug_line    0x0000000000000953      0x73f ./Core/Src/stm32f1xx_it.o
 .debug_line    0x0000000000001092      0x4d5 ./Core/Src/system_stm32f1xx.o
 .debug_line    0x0000000000001567       0x87 ./Core/Startup/startup_stm32f100c8tx.o
 .debug_line    0x00000000000015ee      0x6e8 ./Drivers/STM32F1xx_HAL_Driver/Src/stm32f1xx_ll_gpio.o
 .debug_line    0x0000000000001cd6      0x799 ./Drivers/STM32F1xx_HAL_Driver/Src/stm32f1xx_ll_rcc.o
 .debug_line    0x000000000000246f      0x6bd ./Drivers/STM32F1xx_HAL_Driver/Src/stm32f1xx_ll_usart.o
 .debug_line    0x0000000000002b2c      0x82c ./Drivers/STM32F1xx_HAL_Driver/Src/stm32f1xx_ll_utils.o

.debug_str      0x0000000000000000    0x3aa66
 .debug_str     0x0000000000000000    0x38c9a ./Core/Src/main.o
                                      0x38ff4 (size before relaxing)
 .debug_str     0x0000000000038c9a      0x179 ./Core/Src/stm32f1xx_it.o
                                      0x389fa (size before relaxing)
 .debug_str     0x0000000000038e13       0x60 ./Core/Src/system_stm32f1xx.o
                                      0x32ee3 (size before relaxing)
 .debug_str     0x0000000000038e73       0x36 ./Core/Startup/startup_stm32f100c8tx.o
                                         0x6e (size before relaxing)
 .debug_str     0x0000000000038ea9      0x42c ./Drivers/STM32F1xx_HAL_Driver/Src/stm32f1xx_ll_gpio.o
                                      0x348ff (size before relaxing)
 .debug_str     0x00000000000392d5      0x2e2 ./Drivers/STM32F1xx_HAL_Driver/Src/stm32f1xx_ll_rcc.o
                                      0x3490f (size before relaxing)
 .debug_str     0x00000000000395b7      0x80f ./Drivers/STM32F1xx_HAL_Driver/Src/stm32f1xx_ll_usart.o
                                      0x36319 (size before relaxing)
 .debug_str     0x0000000000039dc6      0xca0 ./Drivers/STM32F1xx_HAL_Driver/Src/stm32f1xx_ll_utils.o
                                      0x357da (size before relaxing)

.comment        0x0000000000000000       0x53
 .comment       0x0000000000000000       0x53 ./Core/Src/main.o
                                         0x54 (size before relaxing)
 .comment       0x0000000000000053       0x54 ./Core/Src/stm32f1xx_it.o
 .comment       0x0000000000000053       0x54 ./Core/Src/system_stm32f1xx.o
 .comment       0x0000000000000053       0x54 ./Drivers/STM32F1xx_HAL_Driver/Src/stm32f1xx_ll_gpio.o
 .comment       0x0000000000000053       0x54 ./Drivers/STM32F1xx_HAL_Driver/Src/stm32f1xx_ll_rcc.o
 .comment       0x0000000000000053       0x54 ./Drivers/STM32F1xx_HAL_Driver/Src/stm32f1xx_ll_usart.o
 .comment       0x0000000000000053       0x54 ./Drivers/STM32F1xx_HAL_Driver/Src/stm32f1xx_ll_utils.o

.debug_frame    0x0000000000000000     0x1050
 .debug_frame   0x0000000000000000      0x39c ./Core/Src/main.o
 .debug_frame   0x000000000000039c      0x21c ./Core/Src/stm32f1xx_it.o
 .debug_frame   0x00000000000005b8       0x58 ./Core/Src/system_stm32f1xx.o
 .debug_frame   0x0000000000000610      0x170 ./Drivers/STM32F1xx_HAL_Driver/Src/stm32f1xx_ll_gpio.o
 .debug_frame   0x0000000000000780      0x300 ./Drivers/STM32F1xx_HAL_Driver/Src/stm32f1xx_ll_rcc.o
 .debug_frame   0x0000000000000a80      0x234 ./Drivers/STM32F1xx_HAL_Driver/Src/stm32f1xx_ll_usart.o
 .debug_frame   0x0000000000000cb4      0x370 ./Drivers/STM32F1xx_HAL_Driver/Src/stm32f1xx_ll_utils.o
 .debug_frame   0x0000000000001024       0x2c c:/st/stm32cubeide_1.8.0/stm32cubeide/plugins/com.st.stm32cube.ide.mcu.externaltools.gnu-tools-for-stm32.9-2020-q2-update.win32_2.0.0.202105311346/tools/bin/../lib/gcc/arm-none-eabi/9.3.1/../../../../arm-none-eabi/lib/thumb/v7-m/nofp\libc_nano.a(lib_a-init.o)
